******************************************************************************
                  TI ARM Linker PC v16.9.4                     
******************************************************************************
>> Linked Sat Nov 25 17:23:15 2017

OUTPUT FILE NAME:   <spi_driver.out>
ENTRY POINT SYMBOL: "_c_int00"  address: 000008e1


MEMORY CONFIGURATION

         name            origin    length      used     unused   attr    fill
----------------------  --------  ---------  --------  --------  ----  --------
  MAIN                  00000000   00040000  00000a8c  0003f574  R  X
  INFO                  00200000   00004000  00000000  00004000  R  X
  SRAM_CODE             01000000   00010000  0000021c  0000fde4  RW X
  SRAM_DATA             20000000   00010000  0000021c  0000fde4  RW  


SEGMENT ALLOCATION MAP

run origin  load origin   length   init length attrs members
----------  ----------- ---------- ----------- ----- -------
00000000    00000000    00000a90   00000a90    r-x
  00000000    00000000    000000e4   000000e4    r-- .intvecs
  000000e4    000000e4    00000980   00000980    r-x .text
  00000a68    00000a68    00000028   00000028    r-- .cinit
20000000    20000000    0000001c   00000000    rw-
  20000000    20000000    0000001c   00000000    rw- .data
2000fe00    2000fe00    00000200   00000000    rw-
  2000fe00    2000fe00    00000200   00000000    rw- .stack


SECTION ALLOCATION MAP

 output                                  attributes/
section   page    origin      length       input sections
--------  ----  ----------  ----------   ----------------
.intvecs   0    00000000    000000e4     
                  00000000    000000e4     startup_msp432p401r_ccs.obj (.intvecs:retain)

.binit     0    00000000    00000000     

.text      0    000000e4    00000980     
                  000000e4    0000032c     system_msp432p401r.obj (.text)
                  00000410    00000248     ssd1331_Driver.obj (.text)
                  00000658    0000009c     rtsv7M4_T_le_v4SPD16_eabi.lib : memcpy_t2.obj (.text)
                  000006f4    00000098     spi_driver.obj (.text)
                  0000078c    0000007c     GPIO.obj (.text)
                  00000808    00000070     rtsv7M4_T_le_v4SPD16_eabi.lib : autoinit.obj (.text)
                  00000878    00000068                                   : copy_decompress_lzss.obj (.text:decompress:lzss)
                  000008e0    00000054                                   : boot.obj (.text)
                  00000934    00000054                                   : exit.obj (.text)
                  00000988    0000004c                                   : cpy_tbl.obj (.text)
                  000009d4    00000040     main.obj (.text)
                  00000a14    00000018     rtsv7M4_T_le_v4SPD16_eabi.lib : args_main.obj (.text)
                  00000a2c    00000014                                   : _lock.obj (.text)
                  00000a40    0000000e                                   : copy_decompress_none.obj (.text:decompress:none)
                  00000a4e    0000000e     startup_msp432p401r_ccs.obj (.text)
                  00000a5c    00000004     rtsv7M4_T_le_v4SPD16_eabi.lib : pre_init.obj (.text)
                  00000a60    00000002                                   : mpu_init.obj (.text)
                  00000a62    00000002                                   : startup.obj (.text)

.cinit     0    00000a68    00000028     
                  00000a68    00000015     (.cinit..data.load) [load image, compression = lzss]
                  00000a7d    00000003     --HOLE-- [fill = 0]
                  00000a80    00000008     (__TI_handler_table)
                  00000a88    00000008     (__TI_cinit_table)

.init_array 
*          0    00000000    00000000     UNINITIALIZED

.data      0    20000000    0000001c     UNINITIALIZED
                  20000000    0000000c     rtsv7M4_T_le_v4SPD16_eabi.lib : exit.obj (.data:$O1$$)
                  2000000c    00000008                                   : _lock.obj (.data:$O1$$)
                  20000014    00000004                                   : stkdepth_vars.obj (.data)
                  20000018    00000004     system_msp432p401r.obj (.data)

.stack     0    2000fe00    00000200     UNINITIALIZED
                  2000fe00    00000200     --HOLE--

MODULE SUMMARY

       Module                        code   ro data   rw data
       ------                        ----   -------   -------
    .\
       system_msp432p401r.obj        812    0         8      
       ssd1331_Driver.obj            584    0         0      
       startup_msp432p401r_ccs.obj   14     228       0      
       spi_driver.obj                152    0         0      
       GPIO.obj                      124    0         0      
       main.obj                      64     0         0      
    +--+-----------------------------+------+---------+---------+
       Total:                        1750   228       8      
                                                             
    C:\ti\ccsv7\tools\compiler\ti-cgt-arm_16.9.4.LTS\lib\rtsv7M4_T_le_v4SPD16_eabi.lib
       memcpy_t2.obj                 156    0         0      
       autoinit.obj                  112    0         0      
       exit.obj                      84     0         24     
       copy_decompress_lzss.obj      104    0         0      
       boot.obj                      84     0         0      
       cpy_tbl.obj                   76     0         0      
       _lock.obj                     20     0         16     
       args_main.obj                 24     0         0      
       copy_decompress_none.obj      14     0         0      
       stkdepth_vars.obj             0      0         8      
       pre_init.obj                  4      0         0      
       mpu_init.obj                  2      0         0      
       startup.obj                   2      0         0      
    +--+-----------------------------+------+---------+---------+
       Total:                        682    0         48     
                                                             
       Stack:                        0      0         1024   
       Linker Generated:             0      37        0      
    +--+-----------------------------+------+---------+---------+
       Grand Total:                  2432   265       1080   


LINKER GENERATED COPY TABLES

__TI_cinit_table @ 00000a88 records: 1, size/record: 8, table size: 8
	.data: load addr=00000a68, load size=00000015 bytes, run addr=20000000, run size=0000001c bytes, compression=lzss


LINKER GENERATED HANDLER TABLE

__TI_handler_table @ 00000a80 records: 2, size/record: 4, table size: 8
	index: 0, handler: __TI_decompress_lzss
	index: 1, handler: __TI_decompress_none


GLOBAL SYMBOLS: SORTED ALPHABETICALLY BY Name 

address   name                           
-------   ----                           
00000a5b  ADC14_IRQHandler               
00000a5b  AES256_IRQHandler              
00000a5b  BusFault_Handler               
00000935  C$$EXIT                        
00000a5b  COMP_E0_IRQHandler             
00000a5b  COMP_E1_IRQHandler             
00000a5b  CS_IRQHandler                  
00000a5b  DMA_ERR_IRQHandler             
00000a5b  DMA_INT0_IRQHandler            
00000a5b  DMA_INT1_IRQHandler            
00000a5b  DMA_INT2_IRQHandler            
00000a5b  DMA_INT3_IRQHandler            
00000a5b  DebugMon_Handler               
00000a5b  Default_Handler                
00000a5b  EUSCIA0_IRQHandler             
00000a5b  EUSCIA1_IRQHandler             
00000a5b  EUSCIA2_IRQHandler             
00000a5b  EUSCIA3_IRQHandler             
00000a5b  EUSCIB0_IRQHandler             
00000a5b  EUSCIB1_IRQHandler             
00000a5b  EUSCIB2_IRQHandler             
00000755  EUSCIB3_IRQHandler             
00000755  EUSCIB3_IRQHandler             
00000a5b  FLCTL_IRQHandler               
00000a5b  FPU_IRQHandler                 
00000a5b  HardFault_Handler              
00000a5b  MemManage_Handler              
00000a5b  NMI_Handler                    
00000a5b  PCM_IRQHandler                 
00000a5b  PORT1_IRQHandler               
00000a5b  PORT2_IRQHandler               
00000a5b  PORT3_IRQHandler               
00000a5b  PORT4_IRQHandler               
00000a5b  PORT5_IRQHandler               
00000a5b  PORT6_IRQHandler               
00000a5b  PSS_IRQHandler                 
00000a5b  PendSV_Handler                 
00000a5b  RTC_C_IRQHandler               
00000a4f  Reset_Handler                  
UNDEFED   SHT$$INIT_ARRAY$$Base          
UNDEFED   SHT$$INIT_ARRAY$$Limit         
00000a5b  SVC_Handler                    
00000a5b  SysTick_Handler                
20000018  SystemCoreClock                
000000e5  SystemCoreClockUpdate          
00000359  SystemInit                     
00000a5b  T32_INT1_IRQHandler            
00000a5b  T32_INT2_IRQHandler            
00000a5b  T32_INTC_IRQHandler            
00000a5b  TA0_0_IRQHandler               
00000a5b  TA0_N_IRQHandler               
00000a5b  TA1_0_IRQHandler               
00000a5b  TA1_N_IRQHandler               
00000a5b  TA2_0_IRQHandler               
00000a5b  TA2_N_IRQHandler               
00000a5b  TA3_0_IRQHandler               
00000a5b  TA3_N_IRQHandler               
00000a5b  UsageFault_Handler             
4000480c  WDTCTL_SYM                     
00000a5b  WDT_A_IRQHandler               
20010000  __STACK_END                    
00000200  __STACK_SIZE                   
00000a88  __TI_CINIT_Base                
00000a90  __TI_CINIT_Limit               
00000a80  __TI_Handler_Table_Base        
00000a88  __TI_Handler_Table_Limit       
00000809  __TI_auto_init                 
20000000  __TI_cleanup_ptr               
00000879  __TI_decompress_lzss           
00000a41  __TI_decompress_none           
20000004  __TI_dtors_ptr                 
20000008  __TI_enable_exit_profile_output
ffffffff  __TI_pprof_out_hndl            
ffffffff  __TI_prof_data_size            
ffffffff  __TI_prof_data_start           
00000000  __TI_static_base__             
00000659  __aeabi_memcpy                 
00000659  __aeabi_memcpy4                
00000659  __aeabi_memcpy8                
ffffffff  __binit__                      
ffffffff  __c_args__                     
00000a61  __mpu_init                     
2000fe00  __stack                        
00000a15  _args_main                     
000008e1  _c_int00                       
2000000c  _lock                          
00000a3b  _nop                           
00000a33  _register_lock                 
00000a2d  _register_unlock               
00000a63  _system_post_cinit             
00000a5d  _system_pre_init               
20000010  _unlock                        
00000939  abort                          
ffffffff  binit                          
00000721  configure_3_Wire_SPI_OLED      
0000078d  configure_SSD1331_pins         
00000989  copy_in                        
00000941  exit                           
0000056b  fillRect_HW                    
00000489  initialize_Display             
00000000  interruptVectors               
000009d5  main                           
20000014  main_func_sp                   
00000659  memcpy                         
0000044d  write_command                  
00000411  write_data                     


GLOBAL SYMBOLS: SORTED BY Symbol Address 

address   name                           
-------   ----                           
00000000  __TI_static_base__             
00000000  interruptVectors               
000000e5  SystemCoreClockUpdate          
00000200  __STACK_SIZE                   
00000359  SystemInit                     
00000411  write_data                     
0000044d  write_command                  
00000489  initialize_Display             
0000056b  fillRect_HW                    
00000659  __aeabi_memcpy                 
00000659  __aeabi_memcpy4                
00000659  __aeabi_memcpy8                
00000659  memcpy                         
00000721  configure_3_Wire_SPI_OLED      
00000755  EUSCIB3_IRQHandler             
00000755  EUSCIB3_IRQHandler             
0000078d  configure_SSD1331_pins         
00000809  __TI_auto_init                 
00000879  __TI_decompress_lzss           
000008e1  _c_int00                       
00000935  C$$EXIT                        
00000939  abort                          
00000941  exit                           
00000989  copy_in                        
000009d5  main                           
00000a15  _args_main                     
00000a2d  _register_unlock               
00000a33  _register_lock                 
00000a3b  _nop                           
00000a41  __TI_decompress_none           
00000a4f  Reset_Handler                  
00000a5b  ADC14_IRQHandler               
00000a5b  AES256_IRQHandler              
00000a5b  BusFault_Handler               
00000a5b  COMP_E0_IRQHandler             
00000a5b  COMP_E1_IRQHandler             
00000a5b  CS_IRQHandler                  
00000a5b  DMA_ERR_IRQHandler             
00000a5b  DMA_INT0_IRQHandler            
00000a5b  DMA_INT1_IRQHandler            
00000a5b  DMA_INT2_IRQHandler            
00000a5b  DMA_INT3_IRQHandler            
00000a5b  DebugMon_Handler               
00000a5b  Default_Handler                
00000a5b  EUSCIA0_IRQHandler             
00000a5b  EUSCIA1_IRQHandler             
00000a5b  EUSCIA2_IRQHandler             
00000a5b  EUSCIA3_IRQHandler             
00000a5b  EUSCIB0_IRQHandler             
00000a5b  EUSCIB1_IRQHandler             
00000a5b  EUSCIB2_IRQHandler             
00000a5b  FLCTL_IRQHandler               
00000a5b  FPU_IRQHandler                 
00000a5b  HardFault_Handler              
00000a5b  MemManage_Handler              
00000a5b  NMI_Handler                    
00000a5b  PCM_IRQHandler                 
00000a5b  PORT1_IRQHandler               
00000a5b  PORT2_IRQHandler               
00000a5b  PORT3_IRQHandler               
00000a5b  PORT4_IRQHandler               
00000a5b  PORT5_IRQHandler               
00000a5b  PORT6_IRQHandler               
00000a5b  PSS_IRQHandler                 
00000a5b  PendSV_Handler                 
00000a5b  RTC_C_IRQHandler               
00000a5b  SVC_Handler                    
00000a5b  SysTick_Handler                
00000a5b  T32_INT1_IRQHandler            
00000a5b  T32_INT2_IRQHandler            
00000a5b  T32_INTC_IRQHandler            
00000a5b  TA0_0_IRQHandler               
00000a5b  TA0_N_IRQHandler               
00000a5b  TA1_0_IRQHandler               
00000a5b  TA1_N_IRQHandler               
00000a5b  TA2_0_IRQHandler               
00000a5b  TA2_N_IRQHandler               
00000a5b  TA3_0_IRQHandler               
00000a5b  TA3_N_IRQHandler               
00000a5b  UsageFault_Handler             
00000a5b  WDT_A_IRQHandler               
00000a5d  _system_pre_init               
00000a61  __mpu_init                     
00000a63  _system_post_cinit             
00000a80  __TI_Handler_Table_Base        
00000a88  __TI_CINIT_Base                
00000a88  __TI_Handler_Table_Limit       
00000a90  __TI_CINIT_Limit               
20000000  __TI_cleanup_ptr               
20000004  __TI_dtors_ptr                 
20000008  __TI_enable_exit_profile_output
2000000c  _lock                          
20000010  _unlock                        
20000014  main_func_sp                   
20000018  SystemCoreClock                
2000fe00  __stack                        
20010000  __STACK_END                    
4000480c  WDTCTL_SYM                     
ffffffff  __TI_pprof_out_hndl            
ffffffff  __TI_prof_data_size            
ffffffff  __TI_prof_data_start           
ffffffff  __binit__                      
ffffffff  __c_args__                     
ffffffff  binit                          
UNDEFED   SHT$$INIT_ARRAY$$Base          
UNDEFED   SHT$$INIT_ARRAY$$Limit         

[106 symbols]
