******************************************************************************
                  TI ARM Linker PC v16.9.4                     
******************************************************************************
>> Linked Sat Nov 25 19:15:58 2017

OUTPUT FILE NAME:   <spi_driver.out>
ENTRY POINT SYMBOL: "_c_int00"  address: 00000961


MEMORY CONFIGURATION

         name            origin    length      used     unused   attr    fill
----------------------  --------  ---------  --------  --------  ----  --------
  MAIN                  00000000   00040000  00000afc  0003f504  R  X
  INFO                  00200000   00004000  00000000  00004000  R  X
  SRAM_CODE             01000000   00010000  0000021c  0000fde4  RW X
  SRAM_DATA             20000000   00010000  0000021c  0000fde4  RW  


SEGMENT ALLOCATION MAP

run origin  load origin   length   init length attrs members
----------  ----------- ---------- ----------- ----- -------
00000000    00000000    00000b00   00000b00    r-x
  00000000    00000000    000000e4   000000e4    r-- .intvecs
  000000e4    000000e4    000009f0   000009f0    r-x .text
  00000ad8    00000ad8    00000028   00000028    r-- .cinit
20000000    20000000    0000001c   00000000    rw-
  20000000    20000000    0000001c   00000000    rw- .data
2000fe00    2000fe00    00000200   00000000    rw-
  2000fe00    2000fe00    00000200   00000000    rw- .stack


SECTION ALLOCATION MAP

 output                                  attributes/
section   page    origin      length       input sections
--------  ----  ----------  ----------   ----------------
.intvecs   0    00000000    000000e4     
                  00000000    000000e4     startup_msp432p401r_ccs.obj (.intvecs:retain)

.binit     0    00000000    00000000     

.text      0    000000e4    000009f0     
                  000000e4    0000032c     system_msp432p401r.obj (.text)
                  00000410    000002c8     ssd1331_Driver.obj (.text)
                  000006d8    0000009c     rtsv7M4_T_le_v4SPD16_eabi.lib : memcpy_t2.obj (.text)
                  00000774    00000098     spi_driver.obj (.text)
                  0000080c    0000007c     GPIO.obj (.text)
                  00000888    00000070     rtsv7M4_T_le_v4SPD16_eabi.lib : autoinit.obj (.text)
                  000008f8    00000068                                   : copy_decompress_lzss.obj (.text:decompress:lzss)
                  00000960    00000054                                   : boot.obj (.text)
                  000009b4    00000054                                   : exit.obj (.text)
                  00000a08    0000004c                                   : cpy_tbl.obj (.text)
                  00000a54    00000030     main.obj (.text)
                  00000a84    00000018     rtsv7M4_T_le_v4SPD16_eabi.lib : args_main.obj (.text)
                  00000a9c    00000014                                   : _lock.obj (.text)
                  00000ab0    0000000e                                   : copy_decompress_none.obj (.text:decompress:none)
                  00000abe    0000000e     startup_msp432p401r_ccs.obj (.text)
                  00000acc    00000004     rtsv7M4_T_le_v4SPD16_eabi.lib : pre_init.obj (.text)
                  00000ad0    00000002                                   : mpu_init.obj (.text)
                  00000ad2    00000002                                   : startup.obj (.text)

.cinit     0    00000ad8    00000028     
                  00000ad8    00000015     (.cinit..data.load) [load image, compression = lzss]
                  00000aed    00000003     --HOLE-- [fill = 0]
                  00000af0    00000008     (__TI_handler_table)
                  00000af8    00000008     (__TI_cinit_table)

.init_array 
*          0    00000000    00000000     UNINITIALIZED

.data      0    20000000    0000001c     UNINITIALIZED
                  20000000    0000000c     rtsv7M4_T_le_v4SPD16_eabi.lib : exit.obj (.data:$O1$$)
                  2000000c    00000008                                   : _lock.obj (.data:$O1$$)
                  20000014    00000004                                   : stkdepth_vars.obj (.data)
                  20000018    00000004     system_msp432p401r.obj (.data)

.stack     0    2000fe00    00000200     UNINITIALIZED
                  2000fe00    00000200     --HOLE--

MODULE SUMMARY

       Module                        code   ro data   rw data
       ------                        ----   -------   -------
    .\
       system_msp432p401r.obj        812    0         8      
       ssd1331_Driver.obj            712    0         0      
       startup_msp432p401r_ccs.obj   14     228       0      
       spi_driver.obj                152    0         0      
       GPIO.obj                      124    0         0      
       main.obj                      48     0         0      
    +--+-----------------------------+------+---------+---------+
       Total:                        1862   228       8      
                                                             
    C:\ti\ccsv7\tools\compiler\ti-cgt-arm_16.9.4.LTS\lib\rtsv7M4_T_le_v4SPD16_eabi.lib
       memcpy_t2.obj                 156    0         0      
       autoinit.obj                  112    0         0      
       exit.obj                      84     0         24     
       copy_decompress_lzss.obj      104    0         0      
       boot.obj                      84     0         0      
       cpy_tbl.obj                   76     0         0      
       _lock.obj                     20     0         16     
       args_main.obj                 24     0         0      
       copy_decompress_none.obj      14     0         0      
       stkdepth_vars.obj             0      0         8      
       pre_init.obj                  4      0         0      
       mpu_init.obj                  2      0         0      
       startup.obj                   2      0         0      
    +--+-----------------------------+------+---------+---------+
       Total:                        682    0         48     
                                                             
       Stack:                        0      0         1024   
       Linker Generated:             0      37        0      
    +--+-----------------------------+------+---------+---------+
       Grand Total:                  2544   265       1080   


LINKER GENERATED COPY TABLES

__TI_cinit_table @ 00000af8 records: 1, size/record: 8, table size: 8
	.data: load addr=00000ad8, load size=00000015 bytes, run addr=20000000, run size=0000001c bytes, compression=lzss


LINKER GENERATED HANDLER TABLE

__TI_handler_table @ 00000af0 records: 2, size/record: 4, table size: 8
	index: 0, handler: __TI_decompress_lzss
	index: 1, handler: __TI_decompress_none


GLOBAL SYMBOLS: SORTED ALPHABETICALLY BY Name 

address   name                           
-------   ----                           
00000acb  ADC14_IRQHandler               
00000acb  AES256_IRQHandler              
00000acb  BusFault_Handler               
000009b5  C$$EXIT                        
00000acb  COMP_E0_IRQHandler             
00000acb  COMP_E1_IRQHandler             
00000acb  CS_IRQHandler                  
00000acb  DMA_ERR_IRQHandler             
00000acb  DMA_INT0_IRQHandler            
00000acb  DMA_INT1_IRQHandler            
00000acb  DMA_INT2_IRQHandler            
00000acb  DMA_INT3_IRQHandler            
00000acb  DebugMon_Handler               
00000acb  Default_Handler                
00000acb  EUSCIA0_IRQHandler             
00000acb  EUSCIA1_IRQHandler             
00000acb  EUSCIA2_IRQHandler             
00000acb  EUSCIA3_IRQHandler             
00000acb  EUSCIB0_IRQHandler             
00000acb  EUSCIB1_IRQHandler             
00000acb  EUSCIB2_IRQHandler             
000007d5  EUSCIB3_IRQHandler             
000007d5  EUSCIB3_IRQHandler             
00000acb  FLCTL_IRQHandler               
00000acb  FPU_IRQHandler                 
00000acb  HardFault_Handler              
00000acb  MemManage_Handler              
00000acb  NMI_Handler                    
00000acb  PCM_IRQHandler                 
00000acb  PORT1_IRQHandler               
00000acb  PORT2_IRQHandler               
00000acb  PORT3_IRQHandler               
00000acb  PORT4_IRQHandler               
00000acb  PORT5_IRQHandler               
00000acb  PORT6_IRQHandler               
00000acb  PSS_IRQHandler                 
00000acb  PendSV_Handler                 
00000acb  RTC_C_IRQHandler               
00000abf  Reset_Handler                  
UNDEFED   SHT$$INIT_ARRAY$$Base          
UNDEFED   SHT$$INIT_ARRAY$$Limit         
00000acb  SVC_Handler                    
00000acb  SysTick_Handler                
20000018  SystemCoreClock                
000000e5  SystemCoreClockUpdate          
00000359  SystemInit                     
00000acb  T32_INT1_IRQHandler            
00000acb  T32_INT2_IRQHandler            
00000acb  T32_INTC_IRQHandler            
00000acb  TA0_0_IRQHandler               
00000acb  TA0_N_IRQHandler               
00000acb  TA1_0_IRQHandler               
00000acb  TA1_N_IRQHandler               
00000acb  TA2_0_IRQHandler               
00000acb  TA2_N_IRQHandler               
00000acb  TA3_0_IRQHandler               
00000acb  TA3_N_IRQHandler               
00000acb  UsageFault_Handler             
4000480c  WDTCTL_SYM                     
00000acb  WDT_A_IRQHandler               
20010000  __STACK_END                    
00000200  __STACK_SIZE                   
00000af8  __TI_CINIT_Base                
00000b00  __TI_CINIT_Limit               
00000af0  __TI_Handler_Table_Base        
00000af8  __TI_Handler_Table_Limit       
00000889  __TI_auto_init                 
20000000  __TI_cleanup_ptr               
000008f9  __TI_decompress_lzss           
00000ab1  __TI_decompress_none           
20000004  __TI_dtors_ptr                 
20000008  __TI_enable_exit_profile_output
ffffffff  __TI_pprof_out_hndl            
ffffffff  __TI_prof_data_size            
ffffffff  __TI_prof_data_start           
00000000  __TI_static_base__             
000006d9  __aeabi_memcpy                 
000006d9  __aeabi_memcpy4                
000006d9  __aeabi_memcpy8                
ffffffff  __binit__                      
ffffffff  __c_args__                     
00000ad1  __mpu_init                     
2000fe00  __stack                        
00000a85  _args_main                     
00000961  _c_int00                       
2000000c  _lock                          
00000aab  _nop                           
00000aa3  _register_lock                 
00000a9d  _register_unlock               
00000ad3  _system_post_cinit             
00000acd  _system_pre_init               
20000010  _unlock                        
000009b9  abort                          
ffffffff  binit                          
000007a1  configure_3_Wire_SPI_OLED      
0000080d  configure_SSD1331_pins         
00000a09  copy_in                        
000009c1  exit                           
000005ed  fillRect_HW                    
00000489  initialize_Display             
00000000  interruptVectors               
00000a55  main                           
20000014  main_func_sp                   
000006d9  memcpy                         
0000044d  write_command                  
00000411  write_data                     


GLOBAL SYMBOLS: SORTED BY Symbol Address 

address   name                           
-------   ----                           
00000000  __TI_static_base__             
00000000  interruptVectors               
000000e5  SystemCoreClockUpdate          
00000200  __STACK_SIZE                   
00000359  SystemInit                     
00000411  write_data                     
0000044d  write_command                  
00000489  initialize_Display             
000005ed  fillRect_HW                    
000006d9  __aeabi_memcpy                 
000006d9  __aeabi_memcpy4                
000006d9  __aeabi_memcpy8                
000006d9  memcpy                         
000007a1  configure_3_Wire_SPI_OLED      
000007d5  EUSCIB3_IRQHandler             
000007d5  EUSCIB3_IRQHandler             
0000080d  configure_SSD1331_pins         
00000889  __TI_auto_init                 
000008f9  __TI_decompress_lzss           
00000961  _c_int00                       
000009b5  C$$EXIT                        
000009b9  abort                          
000009c1  exit                           
00000a09  copy_in                        
00000a55  main                           
00000a85  _args_main                     
00000a9d  _register_unlock               
00000aa3  _register_lock                 
00000aab  _nop                           
00000ab1  __TI_decompress_none           
00000abf  Reset_Handler                  
00000acb  ADC14_IRQHandler               
00000acb  AES256_IRQHandler              
00000acb  BusFault_Handler               
00000acb  COMP_E0_IRQHandler             
00000acb  COMP_E1_IRQHandler             
00000acb  CS_IRQHandler                  
00000acb  DMA_ERR_IRQHandler             
00000acb  DMA_INT0_IRQHandler            
00000acb  DMA_INT1_IRQHandler            
00000acb  DMA_INT2_IRQHandler            
00000acb  DMA_INT3_IRQHandler            
00000acb  DebugMon_Handler               
00000acb  Default_Handler                
00000acb  EUSCIA0_IRQHandler             
00000acb  EUSCIA1_IRQHandler             
00000acb  EUSCIA2_IRQHandler             
00000acb  EUSCIA3_IRQHandler             
00000acb  EUSCIB0_IRQHandler             
00000acb  EUSCIB1_IRQHandler             
00000acb  EUSCIB2_IRQHandler             
00000acb  FLCTL_IRQHandler               
00000acb  FPU_IRQHandler                 
00000acb  HardFault_Handler              
00000acb  MemManage_Handler              
00000acb  NMI_Handler                    
00000acb  PCM_IRQHandler                 
00000acb  PORT1_IRQHandler               
00000acb  PORT2_IRQHandler               
00000acb  PORT3_IRQHandler               
00000acb  PORT4_IRQHandler               
00000acb  PORT5_IRQHandler               
00000acb  PORT6_IRQHandler               
00000acb  PSS_IRQHandler                 
00000acb  PendSV_Handler                 
00000acb  RTC_C_IRQHandler               
00000acb  SVC_Handler                    
00000acb  SysTick_Handler                
00000acb  T32_INT1_IRQHandler            
00000acb  T32_INT2_IRQHandler            
00000acb  T32_INTC_IRQHandler            
00000acb  TA0_0_IRQHandler               
00000acb  TA0_N_IRQHandler               
00000acb  TA1_0_IRQHandler               
00000acb  TA1_N_IRQHandler               
00000acb  TA2_0_IRQHandler               
00000acb  TA2_N_IRQHandler               
00000acb  TA3_0_IRQHandler               
00000acb  TA3_N_IRQHandler               
00000acb  UsageFault_Handler             
00000acb  WDT_A_IRQHandler               
00000acd  _system_pre_init               
00000ad1  __mpu_init                     
00000ad3  _system_post_cinit             
00000af0  __TI_Handler_Table_Base        
00000af8  __TI_CINIT_Base                
00000af8  __TI_Handler_Table_Limit       
00000b00  __TI_CINIT_Limit               
20000000  __TI_cleanup_ptr               
20000004  __TI_dtors_ptr                 
20000008  __TI_enable_exit_profile_output
2000000c  _lock                          
20000010  _unlock                        
20000014  main_func_sp                   
20000018  SystemCoreClock                
2000fe00  __stack                        
20010000  __STACK_END                    
4000480c  WDTCTL_SYM                     
ffffffff  __TI_pprof_out_hndl            
ffffffff  __TI_prof_data_size            
ffffffff  __TI_prof_data_start           
ffffffff  __binit__                      
ffffffff  __c_args__                     
ffffffff  binit                          
UNDEFED   SHT$$INIT_ARRAY$$Base          
UNDEFED   SHT$$INIT_ARRAY$$Limit         

[106 symbols]
